// Jest Snapshot v1, https://goo.gl/fbAQLP

exports[`<TextField /> should render the heading 1`] = `
<div
  class=""
>
  <h1>
    TextField
  </h1>
</div>
`;
